---
source: crates/tui/src/bottom_pane/chat_composer.rs
expression: terminal.backend()
---
"                                                                                                    "
"────────────────────────────────────────────────────────────────────────────────────────────────────"
"❯ Type @ to mention files, / for commands, or ? for shortcuts                                       "
"                                                                                                    "
"                                                                                                    "
"                                                                                                    "
"                                                                                                    "
"────────────────────────────────────────────────────────────────────────────────────────────────────"
"  ctrl + c again to quit                                                                            "
