---
source: crates/tui/src/bottom_pane/chat_composer.rs
expression: terminal.backend()
---
"                                            "
"────────────────────────────────────────────"
"❯ Type @ to mention files, / for commands,  "
"                                            "
"                                            "
"                                            "
"                                            "
"────────────────────────────────────────────"
"  ? for shortcuts        100% context left  "
