---
source: crates/tui/src/bottom_pane/chat_composer.rs
expression: terminal.backend()
---
"                                                                                                                        "
"────────────────────────────────────────────────────────────────────────────────────────────────────────────────────────"
"❯ Type @ to mention files, / for commands, or ? for shortcuts                                                           "
"                                                                                                                        "
"                                                                                                                        "
"                                                                                                                        "
"                                                                                                                        "
"────────────────────────────────────────────────────────────────────────────────────────────────────────────────────────"
"  ? for shortcuts · Plan mode (shift+tab to cycle)                                                   100% context left  "
