---
source: crates/tui/src/bottom_pane/chat_composer.rs
expression: terminal.backend()
---
"                                            "
"────────────────────────────────────────────"
"❯ Type @ to mention files, / for commands,  "
"                                            "
"                                            "
"                                            "
"                                            "
"────────────────────────────────────────────"
"  Plan mode (shift+tab to cycle)            "
