---
source: crates/tui/src/bottom_pane/chat_composer.rs
expression: terminal.backend()
---
"                          "
"──────────────────────────"
"❯ Type @ to mention files "
"                          "
"                          "
"                          "
"                          "
"──────────────────────────"
"       100% context left  "
