---
source: crates/tui/src/chat_screen/tests.rs
expression: popup
---
               ██████    ████   ██    ██ ██████  ██████  ██    ██
              ██        ██  ██  ██    ██ ██     ██    ██  ██  ██
               ██████  ████████ ██    ██ █████  ██    ██   ████
                    ██ ██    ██  ██  ██  ██     ██    ██  ██  ██
              ██████   ██    ██   ████   ██      ██████  ██    ██

                                Welcome to Savfox
                            Your AI coding assistant




  Upload logs?

  The following files will be sent:
    • savfox-logs.log

› 1. Yes  Share the current Savfox session logs with the team for
          troubleshooting.
  2. No

  Press enter to confirm or esc to go back
